
> loflog@0.0.1 build
> vite build

[36mvite v7.3.1 [32mbuilding ssr environment for production...[36m[39m
transforming...
node.exe : 19:05:43 [vite-plugin-svelte] src/
routes/+layout.svelte:9:19 This reference onl
y captures the initial value of `data`. Did y
ou mean to reference it inside a closure inst
ead?
At line:1 char:1
+ & "C:\nvm4w\nodejs/node.exe" "C:\nvm4w\node
js/node_modules/npm/bin/np ...
+ ~~~~~~~~~~~~~~~~~~~~~~~~~~~~~~~~~~~~~~~~~~~
~~~~~~~~~~~~~~~~~~~~~~~~~~
    + CategoryInfo          : NotSpecified:  
   (19:05:43 [vite-...losure instead?:Strin  
  g) [], RemoteException
    + FullyQualifiedErrorId : NativeCommandE 
   rror
 
https://svelte.dev/e/state_referenced_locally
 7: 
 8:   // Set language synchronously for initi
al SSR render
 9:   currentLang.set((data?.lang ?? "en") as
 "en" | "zh");
                           ^
10: 
11:   // Maintain reactivity on the client wh
en data changes (route changes)
